\BOOKMARK [1][-]{section.1}{\376\377\000A\000l\000g\000o\000r\000i\000t\000m\000o\000s}{}% 1
\BOOKMARK [2][-]{subsection.1.1}{\376\377\000S\000u\000b\000m\000a\000s\000k}{section.1}% 2
\BOOKMARK [2][-]{subsection.1.2}{\376\377\000B\000i\000t\000w\000i\000s\000e}{section.1}% 3
\BOOKMARK [2][-]{subsection.1.3}{\376\377\000T\000e\000r\000n\000a\000r\000y\000\040\000S\000e\000a\000r\000c\000h}{section.1}% 4
\BOOKMARK [1][-]{section.2}{\376\377\000G\000e\000o\000m\000e\000t\000r\000i\000a}{}% 5
\BOOKMARK [2][-]{subsection.2.1}{\376\377\000R\000e\000t\000a\000\040\000D\000o\000i\000s}{section.2}% 6
\BOOKMARK [2][-]{subsection.2.2}{\376\377\000T\000r\000i\000a\000n\000g\000u\000l\000o\000s}{section.2}% 7
\BOOKMARK [2][-]{subsection.2.3}{\376\377\000P\000o\000l\000i\000g\000o\000n\000o\000s}{section.2}% 8
\BOOKMARK [2][-]{subsection.2.4}{\376\377\000Q\000u\000a\000d\000r\000i\000l\000a\000t\000e\000r\000o\000s}{section.2}% 9
\BOOKMARK [2][-]{subsection.2.5}{\376\377\0003\000d}{section.2}% 10
\BOOKMARK [2][-]{subsection.2.6}{\376\377\000R\000e\000t\000a\000s}{section.2}% 11
\BOOKMARK [2][-]{subsection.2.7}{\376\377\000C\000i\000r\000c\000u\000l\000o\000s}{section.2}% 12
\BOOKMARK [2][-]{subsection.2.8}{\376\377\000E\000n\000v\000o\000l\000t\000o\000r\000i\000o\000\040\000C\000o\000n\000v\000e\000x\000o}{section.2}% 13
\BOOKMARK [2][-]{subsection.2.9}{\376\377\000S\000w\000e\000e\000p\000\040\000L\000i\000n\000e}{section.2}% 14
\BOOKMARK [2][-]{subsection.2.10}{\376\377\000V\000e\000t\000o\000r\000e\000s}{section.2}% 15
\BOOKMARK [2][-]{subsection.2.11}{\376\377\000R\000e\000t\000a\000s\000\040\000A\000l\000g\000o\000r\000i\000t\000m\000o\000s}{section.2}% 16
\BOOKMARK [1][-]{section.3}{\376\377\000S\000t\000r\000i\000n\000g\000s}{}% 17
\BOOKMARK [2][-]{subsection.3.1}{\376\377\000R\000a\000b\000i\000n\000k\000a\000r\000p}{section.3}% 18
\BOOKMARK [2][-]{subsection.3.2}{\376\377\000T\000r\000i\000e}{section.3}% 19
\BOOKMARK [2][-]{subsection.3.3}{\376\377\000E\000l\000e\000m\000e\000n\000t\000a\000r}{section.3}% 20
\BOOKMARK [2][-]{subsection.3.4}{\376\377\000K\000m\000p}{section.3}% 21
\BOOKMARK [2][-]{subsection.3.5}{\376\377\000B\000u\000s\000c\000a}{section.3}% 22
\BOOKMARK [2][-]{subsection.3.6}{\376\377\000C\000p\000p}{section.3}% 23
\BOOKMARK [2][-]{subsection.3.7}{\376\377\000L\000c\000s\000u\000b\000s\000e\000q}{section.3}% 24
\BOOKMARK [2][-]{subsection.3.8}{\376\377\000Z\000-\000f\000u\000n\000c\000t\000i\000o\000n}{section.3}% 25
\BOOKMARK [2][-]{subsection.3.9}{\376\377\000N\000o\000t\000e\000s}{section.3}% 26
\BOOKMARK [2][-]{subsection.3.10}{\376\377\000E\000d\000i\000t\000-\000f\000u\000n\000c}{section.3}% 27
\BOOKMARK [2][-]{subsection.3.11}{\376\377\000H\000a\000s\000h\000e\000s}{section.3}% 28
\BOOKMARK [2][-]{subsection.3.12}{\376\377\000A\000n\000a\000g\000r\000a\000m\000\040\000P\000o\000s}{section.3}% 29
\BOOKMARK [1][-]{section.4}{\376\377\000M\000a\000t\000e\000m\000a\000t\000i\000c\000a}{}% 30
\BOOKMARK [2][-]{subsection.4.1}{\376\377\000F\000a\000s\000t\000\040\000E\000x\000p}{section.4}% 31
\BOOKMARK [2][-]{subsection.4.2}{\376\377\000M\000d\000c}{section.4}% 32
\BOOKMARK [2][-]{subsection.4.3}{\376\377\000P\000r\000i\000m\000o\000s}{section.4}% 33
\BOOKMARK [1][-]{section.5}{\376\377\000G\000r\000a\000f\000o\000s}{}% 34
\BOOKMARK [2][-]{subsection.5.1}{\376\377\000P\000r\000i\000m}{section.5}% 35
\BOOKMARK [2][-]{subsection.5.2}{\376\377\000K\000r\000u\000s\000k\000a\000l}{section.5}% 36
\BOOKMARK [2][-]{subsection.5.3}{\376\377\000F\000l\000o\000y\000d\000\040\000W\000a\000r\000s\000h\000a\000l\000l}{section.5}% 37
\BOOKMARK [2][-]{subsection.5.4}{\376\377\000T\000r\000e\000e\000\040\000D\000i\000a\000m\000e\000t\000e\000r}{section.5}% 38
\BOOKMARK [2][-]{subsection.5.5}{\376\377\000B\000f\000s\000\040\0000\0001}{section.5}% 39
\BOOKMARK [2][-]{subsection.5.6}{\376\377\000S\000u\000c\000c}{section.5}% 40
\BOOKMARK [2][-]{subsection.5.7}{\376\377\000K\000o\000s\000a\000r\000a\000j\000u}{section.5}% 41
\BOOKMARK [2][-]{subsection.5.8}{\376\377\000D\000i\000j\000k\000s\000t\000r\000a}{section.5}% 42
\BOOKMARK [2][-]{subsection.5.9}{\376\377\000F\000o\000r\000d}{section.5}% 43
\BOOKMARK [1][-]{section.6}{\376\377\000D\000P}{}% 44
\BOOKMARK [2][-]{subsection.6.1}{\376\377\000K\000a\000d\000a\000n\000e}{section.6}% 45
\BOOKMARK [2][-]{subsection.6.2}{\376\377\000M\000a\000x\000r\000s\000-\000p\000s}{section.6}% 46
\BOOKMARK [2][-]{subsection.6.3}{\376\377\000T\000s\000p}{section.6}% 47
\BOOKMARK [2][-]{subsection.6.4}{\376\377\000M\000a\000x\000s\000s\000m}{section.6}% 48
\BOOKMARK [2][-]{subsection.6.5}{\376\377\000M\000a\000x\0002\000d\000r\000s\000-\000k}{section.6}% 49
\BOOKMARK [2][-]{subsection.6.6}{\376\377\000L\000i\000s}{section.6}% 50
